2026-08-28T17:33:21.624+0530	INFO	livekit	server/main.go:210	starting in development mode
2026-08-28T17:33:21.626+0530	INFO	livekit	server/main.go:213	no keys provided, using placeholder keys	{"API Key": "devkey", "API Secret": "secret"}
2026-08-28T17:33:21.627+0530	ERROR	livekit	hwstats/cpu_null.go:38	CPU monitoring unsupported on current platform. Server capacity management will be disabled
github.com/livekit/protocol/utils/hwstats.newPlatformCPUMonitor
	/home/runner/go/pkg/mod/github.com/livekit/protocol@v1.50.5-0.20260821144838-17c16cf496fd/utils/hwstats/cpu_null.go:38
github.com/livekit/protocol/utils/hwstats.NewCPUStats
	/home/runner/go/pkg/mod/github.com/livekit/protocol@v1.50.5-0.20260821144838-17c16cf496fd/utils/hwstats/cpu.go:132
github.com/livekit/livekit-server/pkg/telemetry/prometheus.Init
	/home/runner/work/livekit/livekit/pkg/telemetry/prometheus/node.go:124
main.startServer
	/home/runner/work/livekit/livekit/cmd/server/main.go:299
github.com/urfave/cli/v3.(*Command).run
	/home/runner/go/pkg/mod/github.com/urfave/cli/v3@v3.10.1/command_run.go:382
github.com/urfave/cli/v3.(*Command).Run
	/home/runner/go/pkg/mod/github.com/urfave/cli/v3@v3.10.1/command_run.go:95
main.main
	/home/runner/work/livekit/livekit/cmd/server/main.go:190
runtime.main
	/opt/hostedtoolcache/go/1.26.6/x64/src/runtime/proc.go:290
2026-08-28T17:33:21.628+0530	INFO	livekit	routing/interfaces.go:181	using single-node routing
2026-08-28T17:33:21.688+0530	INFO	livekit	service/server.go:298	starting LiveKit server	{"portHttp": 7880, "nodeID": "ND_NSoKJewSX6rH", "nodeIP": "100.96.2.89", "version": "1.13.6", "bindAddresses": ["127.0.0.1", "::1"], "rtc.portTCP": 7881, "rtc.portUDP": {"Start":7882,"End":0}}
2026-08-28T17:33:21.689+0530	INFO	livekit	service/server.go:300	Windows detected, capacity management is unavailable
2026-08-28T17:33:21.689+0530	DEBUG	livekit	service/signal.go:120	starting relay signal server	{"topic": "ND_NSoKJewSX6rH"}
